---
source: cli/tests/main.rs
expression: file
input_file: cli/tests/files/markdown/fenced-code/fenced-code-4.md
---
|                                                                              | printWidth
----------------------------------start input-----------------------------------
````

```
aaa
````

-----------------------------------end input------------------------------------
|                                                                              | printWidth

