---
source: cli/tests/main.rs
expression: "format!(\"{}{}\", header, formatted)"
input_file: cli/tests/files/markdown/paragraph/paragraph-1.md
---
|                                                                              | printWidth
=====================================input======================================
I am a paragraph.

