---
source: cli/tests/main.rs
expression: file
input_file: cli/tests/files/markdown/heading/heading-2.md
---
|                                                                              | printWidth
----------------------------------start input-----------------------------------
## Hello world

-----------------------------------end input------------------------------------
|                                                                              | printWidth

