---
source: cli/tests/main.rs
expression: file
input_file: cli/tests/files/markdown/integration/heading-paragraph.md
---
|                                                                              | printWidth
----------------------------------start input-----------------------------------

-----------------------------------end input------------------------------------
|                                                                              | printWidth

