---
source: cli/tests/main.rs
expression: file
input_file: cli/tests/files/markdown/atx-heading/atx-heading-1.md
---
|                                                                              | printWidth
----------------------------------start input-----------------------------------
# Hello world

-----------------------------------end input------------------------------------
|                                                                              | printWidth

