---
source: cli/tests/main.rs
expression: file
input_file: cli/tests/files/markdown/setext-heading/setext-heading-multi-line-2.md
---
|                                                                              | printWidth
----------------------------------start input-----------------------------------
## I'm a setext heading 2 and I will collapse to an atx heading

-----------------------------------end input------------------------------------
|                                                                              | printWidth

